******************************************************************************
                  TI ARM Linker PC v18.1.1                     
******************************************************************************
>> Linked Mon Apr 30 00:02:18 2018

OUTPUT FILE NAME:   <Motor-PWM.out>
ENTRY POINT SYMBOL: "_c_int00_noargs"  address: 00000939


MEMORY CONFIGURATION

         name            origin    length      used     unused   attr    fill
----------------------  --------  ---------  --------  --------  ----  --------
  FLASH                 00000000   00040000  000009aa  0003f656  R  X
  SRAM                  20000000   00008000  00000208  00007df8  RW X


SEGMENT ALLOCATION MAP

run origin  load origin   length   init length attrs members
----------  ----------- ---------- ----------- ----- -------
00000000    00000000    000009b0   000009b0    r-x
  00000000    00000000    0000026c   0000026c    r-- .intvecs
  0000026c    0000026c    00000726   00000726    r-x .text
  00000998    00000998    00000018   00000018    r-- .cinit
20000000    20000000    00000208   00000000    rw-
  20000000    20000000    00000200   00000000    rw- .stack
  20000200    20000200    00000008   00000000    rw- .data


SECTION ALLOCATION MAP

 output                                  attributes/
section   page    origin      length       input sections
--------  ----  ----------  ----------   ----------------
.intvecs   0    00000000    0000026c     
                  00000000    0000026c     tm4c123gh6pm_startup_ccs.obj (.intvecs)

.text      0    0000026c    00000726     
                  0000026c    0000048c     GPIOConfig.obj (.text)
                  000006f8    000000f8     main.obj (.text)
                  000007f0    0000009c     rtsv7M4_T_le_v4SPD16_eabi.lib : memcpy_t2.asm.obj (.text)
                  0000088c    00000068                                   : copy_decompress_lzss.c.obj (.text:decompress:lzss:__TI_decompress_lzss)
                  000008f4    00000044                                   : autoinit.c.obj (.text:__TI_auto_init_nobinit_nopinit:__TI_auto_init_nobinit_nopinit)
                  00000938    00000038                                   : boot_cortex_m.c.obj (.text:_c_int00_noargs:_c_int00_noargs)
                  00000970    0000000e                                   : copy_decompress_none.c.obj (.text:decompress:none:__TI_decompress_none)
                  0000097e    0000000c     tm4c123gh6pm_startup_ccs.obj (.text)
                  0000098a    00000004     rtsv7M4_T_le_v4SPD16_eabi.lib : pre_init.c.obj (.text:_system_pre_init)
                  0000098e    00000004                                   : exit.c.obj (.text:abort:abort)

.cinit     0    00000998    00000018     
                  00000998    00000008     (__TI_handler_table)
                  000009a0    00000007     (.cinit..data.load) [load image, compression = lzss]
                  000009a7    00000001     --HOLE-- [fill = 0]
                  000009a8    00000008     (__TI_cinit_table)

.init_array 
*          0    00000000    00000000     UNINITIALIZED

.data      0    20000200    00000008     UNINITIALIZED
                  20000200    00000008     main.obj (.data)

.stack     0    20000000    00000200     UNINITIALIZED
                  20000000    00000004     rtsv7M4_T_le_v4SPD16_eabi.lib : boot_cortex_m.c.obj (.stack)
                  20000004    000001fc     --HOLE--

MODULE SUMMARY

       Module                         code   ro data   rw data
       ------                         ----   -------   -------
    .\
       GPIOConfig.obj                 1164   0         0      
       tm4c123gh6pm_startup_ccs.obj   12     620       0      
       main.obj                       248    0         8      
    +--+------------------------------+------+---------+---------+
       Total:                         1424   620       8      
                                                              
    C:\ti\ccsv8\tools\compiler\ti-cgt-arm_18.1.1.LTS\lib\rtsv7M4_T_le_v4SPD16_eabi.lib
       memcpy_t2.asm.obj              156    0         0      
       copy_decompress_lzss.c.obj     104    0         0      
       autoinit.c.obj                 68     0         0      
       boot_cortex_m.c.obj            56     0         0      
       copy_decompress_none.c.obj     14     0         0      
       exit.c.obj                     4      0         0      
       pre_init.c.obj                 4      0         0      
    +--+------------------------------+------+---------+---------+
       Total:                         406    0         0      
                                                              
       Stack:                         0      0         512    
       Linker Generated:              0      23        0      
    +--+------------------------------+------+---------+---------+
       Grand Total:                   1830   643       520    


LINKER GENERATED COPY TABLES

__TI_cinit_table @ 000009a8 records: 1, size/record: 8, table size: 8
	.data: load addr=000009a0, load size=00000007 bytes, run addr=20000200, run size=00000008 bytes, compression=lzss


LINKER GENERATED HANDLER TABLE

__TI_handler_table @ 00000998 records: 2, size/record: 4, table size: 8
	index: 0, handler: __TI_decompress_lzss
	index: 1, handler: __TI_decompress_none


GLOBAL SYMBOLS: SORTED ALPHABETICALLY BY Name 

address   name                          
-------   ----                          
0000098f  C$$EXIT                       
000006b7  ConfigSysTick                 
00000479  GPIOConfig                    
000006f9  InterruptSystick              
000002bd  LerPino                       
0000061f  LerPino_Dir                   
0000026d  LigarPort                     
00000719  PWM                           
0000097f  ResetISR                      
000005ad  SetDen                        
0000033f  SetPino                       
000006a1  TempoSysTick_us               
20000200  __STACK_END                   
00000200  __STACK_SIZE                  
20000200  __STACK_TOP                   
000009a8  __TI_CINIT_Base               
000009b0  __TI_CINIT_Limit              
00000998  __TI_Handler_Table_Base       
000009a0  __TI_Handler_Table_Limit      
000008f5  __TI_auto_init_nobinit_nopinit
0000088d  __TI_decompress_lzss          
00000971  __TI_decompress_none          
ffffffff  __TI_pprof_out_hndl           
ffffffff  __TI_prof_data_size           
ffffffff  __TI_prof_data_start          
00000000  __TI_static_base__            
000007f1  __aeabi_memcpy                
000007f1  __aeabi_memcpy4               
000007f1  __aeabi_memcpy8               
ffffffff  __binit__                     
ffffffff  __c_args__                    
UNDEFED   __mpu_init                    
20000000  __stack                       
00000939  _c_int00_noargs               
UNDEFED   _system_post_cinit            
0000098b  _system_pre_init              
0000098f  abort                         
ffffffff  binit                         
20000200  cont                          
00000000  g_pfnVectors                  
0000074d  main                          
000007f1  memcpy                        
00000281  nPino                         
20000204  temp_total                    


GLOBAL SYMBOLS: SORTED BY Symbol Address 

address   name                          
-------   ----                          
00000000  __TI_static_base__            
00000000  g_pfnVectors                  
00000200  __STACK_SIZE                  
0000026d  LigarPort                     
00000281  nPino                         
000002bd  LerPino                       
0000033f  SetPino                       
00000479  GPIOConfig                    
000005ad  SetDen                        
0000061f  LerPino_Dir                   
000006a1  TempoSysTick_us               
000006b7  ConfigSysTick                 
000006f9  InterruptSystick              
00000719  PWM                           
0000074d  main                          
000007f1  __aeabi_memcpy                
000007f1  __aeabi_memcpy4               
000007f1  __aeabi_memcpy8               
000007f1  memcpy                        
0000088d  __TI_decompress_lzss          
000008f5  __TI_auto_init_nobinit_nopinit
00000939  _c_int00_noargs               
00000971  __TI_decompress_none          
0000097f  ResetISR                      
0000098b  _system_pre_init              
0000098f  C$$EXIT                       
0000098f  abort                         
00000998  __TI_Handler_Table_Base       
000009a0  __TI_Handler_Table_Limit      
000009a8  __TI_CINIT_Base               
000009b0  __TI_CINIT_Limit              
20000000  __stack                       
20000200  __STACK_END                   
20000200  __STACK_TOP                   
20000200  cont                          
20000204  temp_total                    
ffffffff  __TI_pprof_out_hndl           
ffffffff  __TI_prof_data_size           
ffffffff  __TI_prof_data_start          
ffffffff  __binit__                     
ffffffff  __c_args__                    
ffffffff  binit                         
UNDEFED   __mpu_init                    
UNDEFED   _system_post_cinit            

[44 symbols]
